\BOOKMARK [0][-]{chapter.1}{\376\377\016\032\016\027\016\031\016\063}{}% 1
\BOOKMARK [1][-]{section.1.1}{\376\377\016\027\016\065\016\110\016\041\016\062\016\101\016\045\016\060\016\004\016\047\016\062\016\041\016\052\016\063\016\004\016\061\016\015\016\002\016\055\016\007\016\102\016\004\016\043\016\007\016\007\016\062\016\031\000\040\000\050\000B\000a\000c\000k\000g\000r\000o\000u\000n\000d\000\040\000a\000n\000d\000\040\000S\000i\000g\000n\000i\000f\000i\000c\000a\000n\000c\000e\000\051}{chapter.1}% 2
\BOOKMARK [1][-]{section.1.2}{\376\377\016\047\016\061\016\025\016\026\016\070\016\033\016\043\016\060\016\052\016\007\016\004\016\114\016\002\016\055\016\007\016\102\016\004\016\043\016\007\016\007\016\062\016\031\000\040\000\050\000O\000b\000j\000e\000c\000t\000i\000v\000e\000s\000\051}{chapter.1}% 3
\BOOKMARK [1][-]{section.1.3}{\376\377\016\002\016\055\016\032\016\100\016\002\016\025\016\002\016\055\016\007\016\102\016\004\016\043\016\007\016\007\016\062\016\031\000\040\000\050\000S\000c\000o\000p\000e\000\051}{chapter.1}% 4
\BOOKMARK [2][-]{subsection.1.3.1}{\376\377\016\052\016\110\016\047\016\031\016\002\016\055\016\007\016\034\016\071\016\111\016\024\016\071\016\101\016\045\016\043\016\060\016\032\016\032\000\040\000\050\000A\000d\000m\000i\000n\000i\000s\000t\000r\000a\000t\000o\000r\000\051}{section.1.3}% 5
\BOOKMARK [2][-]{subsection.1.3.2}{\376\377\016\052\016\110\016\047\016\031\016\002\016\055\016\007\016\052\016\041\016\062\016\012\016\064\016\001\000\040\000\050\000M\000e\000m\000b\000e\000r\000\051}{section.1.3}% 6
\BOOKMARK [1][-]{section.1.4}{\376\377\016\100\016\033\016\111\016\062\016\053\016\041\016\062\016\042\016\002\016\055\016\007\016\102\016\004\016\043\016\007\016\007\016\062\016\031\000\040\000\050\000G\000o\000a\000l\000s\000\051}{chapter.1}% 7
\BOOKMARK [1][-]{section.1.5}{\376\377\016\033\016\043\016\060\016\102\016\042\016\012\016\031\016\114\016\027\016\065\016\110\016\004\016\062\016\024\016\047\016\110\016\062\016\010\016\060\016\104\016\024\016\111\016\043\016\061\016\032\000\040\000\050\000E\000x\000p\000e\000c\000t\000e\000d\000\040\000B\000e\000n\000e\000f\000i\000t\000s\000\051}{chapter.1}% 8
\BOOKMARK [0][-]{chapter.2}{\376\377\016\027\016\044\016\051\016\016\016\065\016\101\016\045\016\060\016\100\016\027\016\004\016\102\016\031\016\102\016\045\016\042\016\065\016\027\016\065\016\110\016\100\016\001\016\065\016\110\016\042\016\047\016\002\016\111\016\055\016\007\000\040\000\050\000L\000i\000t\000e\000r\000a\000t\000u\000r\000e\000\040\000R\000e\000v\000i\000e\000w\000\040\000a\000n\000d\000\040\000R\000e\000l\000a\000t\000e\000d\000\040\000T\000e\000c\000h\000n\000o\000l\000o\000g\000i\000e\000s\000\051}{}% 9
\BOOKMARK [1][-]{section.2.1}{\376\377\016\052\016\026\016\062\016\033\016\061\016\025\016\042\016\001\016\043\016\043\016\041\016\101\016\032\016\032\016\104\016\004\016\045\016\100\016\055\016\031\016\025\016\114\000-\016\100\016\013\016\064\016\043\016\114\016\037\016\100\016\047\016\055\016\043\016\114\000\040\000\050\000C\000l\000i\000e\000n\000t\000-\000S\000e\000r\000v\000e\000r\000\040\000A\000r\000c\000h\000i\000t\000e\000c\000t\000u\000r\000e\000\051}{chapter.2}% 10
\BOOKMARK [2][-]{subsection.2.1.1}{\376\377\016\053\016\045\016\061\016\001\016\001\016\062\016\043\016\027\016\063\016\007\016\062\016\031\000\040\000\050\000W\000o\000r\000k\000i\000n\000g\000\040\000P\000r\000i\000n\000c\000i\000p\000l\000e\000\051}{section.2.1}% 11
\BOOKMARK [2][-]{subsection.2.1.2}{\376\377\016\001\016\062\016\043\016\052\016\067\016\110\016\055\016\052\016\062\016\043\016\034\016\110\016\062\016\031\016\102\016\033\016\043\016\102\016\025\016\004\016\055\016\045\000\040\000H\000T\000T\000P\000\040\000\050\000C\000o\000m\000m\000u\000n\000i\000c\000a\000t\000i\000o\000n\000\040\000v\000i\000a\000\040\000H\000T\000T\000P\000\040\000P\000r\000o\000t\000o\000c\000o\000l\000\051}{section.2.1}% 12
\BOOKMARK [2][-]{subsection.2.1.3}{\376\377\016\047\016\007\016\010\016\043\016\012\016\065\016\047\016\064\016\025\016\002\016\055\016\007\016\100\016\047\016\107\016\032\016\043\016\065\016\100\016\004\016\047\016\052\000\040\000\050\000L\000i\000f\000e\000c\000y\000c\000l\000e\000\040\000o\000f\000\040\000a\000\040\000W\000e\000b\000\040\000R\000e\000q\000u\000e\000s\000t\000\051}{section.2.1}% 13
\BOOKMARK [1][-]{section.2.2}{\376\377\016\001\016\062\016\043\016\055\016\055\016\001\016\101\016\032\016\032\016\101\016\045\016\060\016\036\016\061\016\022\016\031\016\062\000\040\000R\000E\000S\000T\000f\000u\000l\000\040\000A\000P\000I\000\040\000\050\000R\000E\000S\000T\000f\000u\000l\000\040\000A\000P\000I\000\040\000D\000e\000s\000i\000g\000n\000\040\000\046\000\040\000D\000e\000v\000e\000l\000o\000p\000m\000e\000n\000t\000\051}{chapter.2}% 14
\BOOKMARK [2][-]{subsection.2.2.1}{\376\377\016\053\016\045\016\061\016\001\016\001\016\062\016\043\016\002\016\055\016\007\000\040\000R\000E\000S\000T\000\040\000\050\000P\000r\000i\000n\000c\000i\000p\000l\000e\000s\000\040\000o\000f\000\040\000R\000E\000S\000T\000\051}{section.2.2}% 15
\BOOKMARK [2][-]{subsection.2.2.2}{\376\377\000H\000T\000T\000P\000\040\000M\000e\000t\000h\000o\000d\000s\000\040\016\041\016\062\016\025\016\043\016\020\016\062\016\031\000\040\000\050\000S\000t\000a\000n\000d\000a\000r\000d\000\040\000H\000T\000T\000P\000\040\000M\000e\000t\000h\000o\000d\000s\000\051}{section.2.2}% 16
\BOOKMARK [2][-]{subsection.2.2.3}{\376\377\016\043\016\053\016\061\016\052\016\052\016\026\016\062\016\031\016\060\000\040\000H\000T\000T\000P\000\040\000\050\000H\000T\000T\000P\000\040\000S\000t\000a\000t\000u\000s\000\040\000C\000o\000d\000e\000s\000\051}{section.2.2}% 17
\BOOKMARK [1][-]{section.2.3}{\376\377\000N\000o\000d\000e\000.\000j\000s}{chapter.2}% 18
\BOOKMARK [2][-]{subsection.2.3.1}{\376\377\016\033\016\043\016\060\016\047\016\061\016\025\016\064\016\101\016\045\016\060\016\047\016\064\016\047\016\061\016\022\016\031\016\062\016\001\016\062\016\043\000\040\000\050\000H\000i\000s\000t\000o\000r\000y\000\040\000a\000n\000d\000\040\000E\000v\000o\000l\000u\000t\000i\000o\000n\000\051}{section.2.3}% 19
\BOOKMARK [2][-]{subsection.2.3.2}{\376\377\016\052\016\026\016\062\016\033\016\061\016\025\016\042\016\001\016\043\016\043\016\041\016\101\016\032\016\032\016\002\016\061\016\032\016\100\016\004\016\045\016\067\016\110\016\055\016\031\016\024\016\111\016\047\016\042\016\100\016\053\016\025\016\070\016\001\016\062\016\043\016\023\016\114\000\040\000\050\000E\000v\000e\000n\000t\000-\000D\000r\000i\000v\000e\000n\000\040\000A\000r\000c\000h\000i\000t\000e\000c\000t\000u\000r\000e\000\051}{section.2.3}% 20
\BOOKMARK [2][-]{subsection.2.3.3}{\376\377\000S\000i\000n\000g\000l\000e\000-\000T\000h\000r\000e\000a\000d\000e\000d\000,\000\040\000N\000o\000n\000-\000b\000l\000o\000c\000k\000i\000n\000g\000\040\000I\000/\000O}{section.2.3}% 21
\BOOKMARK [1][-]{section.2.4}{\376\377\000E\000x\000p\000r\000e\000s\000s\000.\000j\000s}{chapter.2}% 22
\BOOKMARK [2][-]{subsection.2.4.1}{\376\377\016\032\016\027\016\032\016\062\016\027\016\103\016\031\016\020\016\062\016\031\016\060\000\040\000W\000e\000b\000\040\000F\000r\000a\000m\000e\000w\000o\000r\000k}{section.2.4}% 23
\BOOKMARK [2][-]{subsection.2.4.2}{\376\377\016\001\016\062\016\043\016\010\016\061\016\024\016\001\016\062\016\043\016\100\016\052\016\111\016\031\016\027\016\062\016\007\000\040\000\050\000R\000o\000u\000t\000i\000n\000g\000\040\000M\000a\000n\000a\000g\000e\000m\000e\000n\000t\000\051}{section.2.4}% 24
\BOOKMARK [2][-]{subsection.2.4.3}{\376\377\000M\000i\000d\000d\000l\000e\000w\000a\000r\000e\000\040\000P\000i\000p\000e\000l\000i\000n\000e}{section.2.4}% 25
\BOOKMARK [1][-]{section.2.5}{\376\377\016\043\016\060\016\032\016\032\016\010\016\061\016\024\016\001\016\062\016\043\016\020\016\062\016\031\016\002\016\111\016\055\016\041\016\071\016\045\000\040\000P\000o\000s\000t\000g\000r\000e\000S\000Q\000L\000\040\000\050\000P\000o\000s\000t\000g\000r\000e\000S\000Q\000L\000\040\000D\000a\000t\000a\000b\000a\000s\000e\000\040\000S\000y\000s\000t\000e\000m\000\051}{chapter.2}% 26
\BOOKMARK [2][-]{subsection.2.5.1}{\376\377\016\004\016\070\016\023\016\045\016\061\016\001\016\051\016\023\016\060\016\002\016\055\016\007\000\040\000R\000D\000B\000M\000S\000\040\000\050\000R\000D\000B\000M\000S\000\040\000C\000h\000a\000r\000a\000c\000t\000e\000r\000i\000s\000t\000i\000c\000s\000\051}{section.2.5}% 27
\BOOKMARK [2][-]{subsection.2.5.2}{\376\377\016\102\016\004\016\043\016\007\016\052\016\043\016\111\016\062\016\007\016\002\016\111\016\055\016\041\016\071\016\045\016\101\016\045\016\060\016\033\016\043\016\060\016\052\016\064\016\027\016\030\016\064\016\040\016\062\016\036\000\040\000\050\000D\000a\000t\000a\000\040\000S\000t\000r\000u\000c\000t\000u\000r\000i\000n\000g\000\040\000a\000n\000d\000\040\000P\000e\000r\000f\000o\000r\000m\000a\000n\000c\000e\000\051}{section.2.5}% 28
\BOOKMARK [1][-]{section.2.6}{\376\377\016\001\016\062\016\043\016\100\016\012\016\067\016\110\016\055\016\041\016\102\016\042\016\007\016\002\016\111\016\055\016\041\016\071\016\045\016\100\016\012\016\064\016\007\016\047\016\061\016\025\016\026\016\070\016\052\016\061\016\041\016\036\016\061\016\031\016\030\016\114\000\040\000\050\000O\000R\000M\000\051\000\040\016\101\016\045\016\060\000\040\000S\000e\000q\000u\000e\000l\000i\000z\000e}{chapter.2}% 29
\BOOKMARK [2][-]{subsection.2.6.1}{\376\377\000I\000m\000p\000e\000d\000a\000n\000c\000e\000\040\000M\000i\000s\000m\000a\000t\000c\000h}{section.2.6}% 30
\BOOKMARK [2][-]{subsection.2.6.2}{\376\377\016\001\016\062\016\043\016\027\016\063\016\007\016\062\016\031\016\002\016\055\016\007\000\040\000S\000e\000q\000u\000e\000l\000i\000z\000e\000\040\000\050\000S\000e\000q\000u\000e\000l\000i\000z\000e\000\040\000O\000p\000e\000r\000a\000t\000i\000o\000n\000s\000\051}{section.2.6}% 31
\BOOKMARK [1][-]{section.2.7}{\376\377\000E\000J\000S\000\040\000\050\000E\000m\000b\000e\000d\000d\000e\000d\000\040\000J\000a\000v\000a\000S\000c\000r\000i\000p\000t\000\040\000t\000e\000m\000p\000l\000a\000t\000i\000n\000g\000\051}{chapter.2}% 32
\BOOKMARK [2][-]{subsection.2.7.1}{\376\377\016\001\016\062\016\043\016\100\016\043\016\031\016\100\016\024\016\055\016\043\016\114\016\035\016\061\016\110\016\007\016\100\016\013\016\064\016\043\016\114\016\037\016\100\016\047\016\055\016\043\016\114\000\040\000\050\000S\000e\000r\000v\000e\000r\000-\000S\000i\000d\000e\000\040\000R\000e\000n\000d\000e\000r\000i\000n\000g\000\040\000-\000\040\000S\000S\000R\000\051}{section.2.7}% 33
\BOOKMARK [2][-]{subsection.2.7.2}{\376\377\016\002\016\111\016\055\016\024\016\065\016\002\016\055\016\007\000\040\000S\000S\000R\000\040\016\024\016\111\016\047\016\042\000\040\000E\000J\000S\000\040\000\050\000A\000d\000v\000a\000n\000t\000a\000g\000e\000s\000\040\000o\000f\000\040\000S\000S\000R\000\040\000w\000i\000t\000h\000\040\000E\000J\000S\000\051}{section.2.7}% 34
\BOOKMARK [0][-]{chapter.3}{\376\377\016\001\016\062\016\043\016\055\016\055\016\001\016\101\016\032\016\032\016\036\016\044\016\025\016\064\016\001\016\043\016\043\016\041\016\043\016\060\016\032\016\032\000\040\000\050\000B\000e\000h\000a\000v\000i\000o\000r\000a\000l\000\040\000S\000y\000s\000t\000e\000m\000\040\000D\000e\000s\000i\000g\000n\000\040\000-\000\040\000U\000M\000L\000\040\000D\000i\000a\000g\000r\000a\000m\000s\000\051}{}% 35
\BOOKMARK [1][-]{section.3.1}{\376\377\016\101\016\034\016\031\016\040\016\062\016\036\016\042\016\071\016\052\016\100\016\004\016\052\016\101\016\045\016\060\016\004\016\063\016\055\016\030\016\064\016\032\016\062\016\042\016\055\016\042\016\110\016\062\016\007\016\045\016\060\016\100\016\055\016\065\016\042\016\024\000\040\000\050\000U\000s\000e\000\040\000C\000a\000s\000e\000\040\000D\000i\000a\000g\000r\000a\000m\000\040\000\046\000\040\000D\000e\000t\000a\000i\000l\000e\000d\000\040\000D\000e\000s\000c\000r\000i\000p\000t\000i\000o\000n\000s\000\051}{chapter.3}% 36
\BOOKMARK [2][-]{subsection.3.1.1}{\376\377\016\034\016\071\016\111\016\001\016\043\016\060\016\027\016\063\000\040\000\050\000A\000c\000t\000o\000r\000s\000\051}{section.3.1}% 37
\BOOKMARK [2][-]{subsection.3.1.2}{\376\377\016\043\016\062\016\042\016\001\016\062\016\043\016\042\016\071\016\052\016\100\016\004\016\052\000\040\000\050\000U\000s\000e\000\040\000C\000a\000s\000e\000\040\000L\000i\000s\000t\000\051}{section.3.1}% 38
\BOOKMARK [2][-]{subsection.3.1.3}{\376\377\016\004\016\063\016\055\016\030\016\064\016\032\016\062\016\042\016\042\016\071\016\052\016\100\016\004\016\052\016\055\016\042\016\110\016\062\016\007\016\045\016\060\016\100\016\055\016\065\016\042\016\024\000\040\000\050\000D\000e\000t\000a\000i\000l\000e\000d\000\040\000U\000s\000e\000\040\000C\000a\000s\000e\000\040\000D\000e\000s\000c\000r\000i\000p\000t\000i\000o\000n\000s\000\051}{section.3.1}% 39
\BOOKMARK [1][-]{section.3.2}{\376\377\016\101\016\034\016\031\016\040\016\062\016\036\016\001\016\064\016\010\016\001\016\043\016\043\016\041\000\040\000\050\000A\000c\000t\000i\000v\000i\000t\000y\000\040\000D\000i\000a\000g\000r\000a\000m\000s\000\051}{chapter.3}% 40
\BOOKMARK [2][-]{subsection.3.2.1}{\376\377\016\001\016\043\016\060\016\032\016\047\016\031\016\001\016\062\016\043\016\010\016\055\016\007\016\101\016\045\016\060\016\001\016\062\016\043\016\025\016\043\016\047\016\010\016\052\016\055\016\032\016\100\016\047\016\045\016\062\016\013\016\111\016\055\016\031\016\027\016\061\016\032\000\040\000\050\000B\000o\000o\000k\000i\000n\000g\000\040\000\046\000\040\000T\000i\000m\000e\000\040\000C\000o\000n\000f\000l\000i\000c\000t\000\040\000D\000e\000t\000e\000c\000t\000i\000o\000n\000\040\000F\000l\000o\000w\000\051}{section.3.2}% 41
\BOOKMARK [2][-]{subsection.3.2.2}{\376\377\016\001\016\043\016\060\016\032\016\047\016\031\016\001\016\062\016\043\016\010\016\061\016\024\016\001\016\062\016\043\016\002\016\111\016\055\016\041\016\071\016\045\016\002\016\055\016\007\016\034\016\071\016\111\016\024\016\071\016\101\016\045\000\040\000\050\000D\000a\000t\000a\000\040\000M\000a\000n\000a\000g\000e\000m\000e\000n\000t\000\040\000F\000l\000o\000w\000\051}{section.3.2}% 42
\BOOKMARK [1][-]{section.3.3}{\376\377\016\101\016\034\016\031\016\040\016\062\016\036\016\045\016\063\016\024\016\061\016\032\000\040\000\050\000S\000e\000q\000u\000e\000n\000c\000e\000\040\000D\000i\000a\000g\000r\000a\000m\000s\000\051}{chapter.3}% 43
\BOOKMARK [2][-]{subsection.3.3.1}{\376\377\016\001\016\043\016\060\016\032\016\047\016\031\016\001\016\062\016\043\016\100\016\002\016\111\016\062\016\052\016\071\016\110\016\043\016\060\016\032\016\032\016\002\016\055\016\007\016\034\016\071\016\111\016\103\016\012\016\111\000\040\000\050\000T\000h\000e\000\040\000U\000s\000e\000r\000\040\000L\000o\000g\000i\000n\000\040\000P\000r\000o\000c\000e\000s\000s\000\051}{section.3.3}% 44
\BOOKMARK [2][-]{subsection.3.3.2}{\376\377\016\001\016\043\016\060\016\032\016\047\016\031\016\001\016\062\016\043\016\010\016\055\016\007\000\040\000\050\000T\000h\000e\000\040\000B\000o\000o\000k\000i\000n\000g\000\040\000P\000r\000o\000c\000e\000s\000s\000\051}{section.3.3}% 45
\BOOKMARK [0][-]{chapter.4}{\376\377\016\001\016\062\016\043\016\047\016\064\016\100\016\004\016\043\016\062\016\060\016\053\016\114\016\101\016\045\016\060\016\055\016\055\016\001\016\101\016\032\016\032\016\043\016\060\016\032\016\032}{}% 46
\BOOKMARK [1][-]{section.4.1}{\376\377\016\052\016\026\016\062\016\033\016\061\016\025\016\042\016\001\016\043\016\043\016\041\016\043\016\060\016\032\016\032\000\040\000\050\000S\000y\000s\000t\000e\000m\000\040\000A\000r\000c\000h\000i\000t\000e\000c\000t\000u\000r\000e\000\051}{chapter.4}% 47
\BOOKMARK [2][-]{subsection.4.1.1}{\376\377\016\040\016\062\016\036\016\043\016\047\016\041\016\052\016\026\016\062\016\033\016\061\016\025\016\042\016\001\016\043\016\043\016\041\000\040\000\050\000A\000r\000c\000h\000i\000t\000e\000c\000t\000u\000r\000e\000\040\000O\000v\000e\000r\000v\000i\000e\000w\000\051}{section.4.1}% 48
\BOOKMARK [1][-]{section.4.2}{\376\377\016\004\016\047\016\062\016\041\016\025\016\111\016\055\016\007\016\001\016\062\016\043\016\002\016\055\016\007\016\043\016\060\016\032\016\032\000\040\000\050\000S\000y\000s\000t\000e\000m\000\040\000R\000e\000q\000u\000i\000r\000e\000m\000e\000n\000t\000s\000\051}{chapter.4}% 49
\BOOKMARK [2][-]{subsection.4.2.1}{\376\377\016\004\016\047\016\062\016\041\016\025\016\111\016\055\016\007\016\001\016\062\016\043\016\037\016\061\016\007\016\001\016\114\016\012\016\061\016\031\016\001\016\062\016\043\016\027\016\063\016\007\016\062\016\031\000\040\000\050\000F\000u\000n\000c\000t\000i\000o\000n\000a\000l\000\040\000R\000e\000q\000u\000i\000r\000e\000m\000e\000n\000t\000s\000\051}{section.4.2}% 50
\BOOKMARK [2][-]{subsection.4.2.2}{\376\377\016\004\016\047\016\062\016\041\016\025\016\111\016\055\016\007\016\001\016\062\016\043\016\027\016\065\016\110\016\104\016\041\016\110\016\103\016\012\016\110\016\037\016\061\016\007\016\001\016\114\016\012\016\061\016\031\016\001\016\062\016\043\016\027\016\063\016\007\016\062\016\031\000\040\000\050\000N\000o\000n\000-\000F\000u\000n\000c\000t\000i\000o\000n\000a\000l\000\040\000R\000e\000q\000u\000i\000r\000e\000m\000e\000n\000t\000s\000\051}{section.4.2}% 51
\BOOKMARK [0][-]{chapter.5}{\376\377\000E\000R\000\040\000D\000i\000a\000g\000r\000a\000m}{}% 52
\BOOKMARK [1][-]{section.5.1}{\376\377\016\004\016\063\016\055\016\030\016\064\016\032\016\062\016\042\016\004\016\047\016\062\016\041\016\052\016\061\016\041\016\036\016\061\016\031\016\030\016\114\000\040\000\050\000R\000e\000l\000a\000t\000i\000o\000n\000s\000h\000i\000p\000s\000\040\000E\000x\000p\000l\000a\000n\000a\000t\000i\000o\000n\000\051}{chapter.5}% 53
\BOOKMARK [1][-]{section.5.2}{\376\377\016\043\016\062\016\042\016\045\016\060\016\100\016\055\016\065\016\042\016\024\016\102\016\004\016\043\016\007\016\052\016\043\016\111\016\062\016\007\016\025\016\062\016\043\016\062\016\007\000\040\000\050\000T\000a\000b\000l\000e\000\040\000S\000c\000h\000e\000m\000a\000\040\000D\000e\000t\000a\000i\000l\000\051}{chapter.5}% 54
\BOOKMARK [2][-]{subsection.5.2.1}{\376\377\0001\000.\000\040\016\025\016\062\016\043\016\062\016\007\000\040\000C\000u\000s\000t\000o\000m\000e\000r\000s\000\040\000\050\016\002\016\111\016\055\016\041\016\071\016\045\016\052\016\041\016\062\016\012\016\064\016\001\016\101\016\045\016\060\016\102\016\033\016\043\016\104\016\037\016\045\016\114\016\034\016\071\016\111\016\103\016\012\016\111\000\051}{section.5.2}% 55
\BOOKMARK [2][-]{subsection.5.2.2}{\376\377\0002\000.\000\040\016\025\016\062\016\043\016\062\016\007\000\040\000T\000r\000a\000i\000n\000e\000r\000s\000\040\000\050\016\002\016\111\016\055\016\041\016\071\016\045\016\100\016\027\016\043\016\031\016\100\016\031\016\055\016\043\016\114\000\051}{section.5.2}% 56
\BOOKMARK [2][-]{subsection.5.2.3}{\376\377\0003\000.\000\040\016\025\016\062\016\043\016\062\016\007\000\040\000G\000y\000m\000E\000q\000u\000i\000p\000m\000e\000n\000t\000s\000\040\000\050\016\002\016\111\016\055\016\041\016\071\016\045\016\055\016\070\016\033\016\001\016\043\016\023\016\114\000\051}{section.5.2}% 57
\BOOKMARK [2][-]{subsection.5.2.4}{\376\377\0004\000.\000\040\016\025\016\062\016\043\016\062\016\007\000\040\000T\000r\000a\000i\000n\000i\000n\000g\000S\000e\000s\000s\000i\000o\000n\000s\000\040\000\050\016\025\016\062\016\043\016\062\016\007\016\001\016\062\016\043\016\010\016\055\016\007\016\035\016\066\016\001\016\013\016\111\016\055\016\041\000\051}{section.5.2}% 58
\BOOKMARK [0][-]{chapter.6}{\376\377\016\025\016\062\016\043\016\062\016\007\000\040\000D\000a\000t\000a\000b\000a\000s\000e}{}% 59
\BOOKMARK [1][-]{section.6.1}{\376\377\000D\000a\000t\000a\000b\000a\000s\000e\000\040\000\050\016\020\016\062\016\031\016\002\016\111\016\055\016\041\016\071\016\045\000\051}{chapter.6}% 60
\BOOKMARK [2][-]{subsection.6.1.1}{\376\377\016\040\016\062\016\036\016\043\016\047\016\041\016\020\016\062\016\031\016\002\016\111\016\055\016\041\016\071\016\045\000\040\000\050\000D\000a\000t\000a\000b\000a\000s\000e\000\040\000O\000v\000e\000r\000v\000i\000e\000w\000\051}{section.6.1}% 61
\BOOKMARK [2][-]{subsection.6.1.2}{\376\377\016\001\016\062\016\043\016\100\016\012\016\067\016\110\016\055\016\041\016\025\016\110\016\055\016\020\016\062\016\031\016\002\016\111\016\055\016\041\016\071\016\045\000\040\000\050\000D\000a\000t\000a\000b\000a\000s\000e\000\040\000C\000o\000n\000n\000e\000c\000t\000i\000o\000n\000\051}{section.6.1}% 62
\BOOKMARK [2][-]{subsection.6.1.3}{\376\377\000d\000b\000.\000j\000s}{section.6.1}% 63
\BOOKMARK [2][-]{subsection.6.1.4}{\376\377\000s\000c\000h\000e\000m\000a\000.\000s\000q\000l}{section.6.1}% 64
\BOOKMARK [1][-]{section.6.2}{\376\377\016\036\016\010\016\031\016\062\016\031\016\070\016\001\016\043\016\041\016\002\016\111\016\055\016\041\016\071\016\045\000\040\000\050\000D\000a\000t\000a\000\040\000D\000i\000c\000t\000i\000o\000n\000a\000r\000y\000\051}{chapter.6}% 65
\BOOKMARK [2][-]{subsection.6.2.1}{\376\377\016\025\016\062\016\043\016\062\016\007\000:\000\040\000C\000u\000s\000t\000o\000m\000e\000r\000s}{section.6.2}% 66
\BOOKMARK [2][-]{subsection.6.2.2}{\376\377\016\025\016\062\016\043\016\062\016\007\000:\000\040\000T\000r\000a\000i\000n\000e\000r\000s}{section.6.2}% 67
\BOOKMARK [2][-]{subsection.6.2.3}{\376\377\016\025\016\062\016\043\016\062\016\007\000:\000\040\000G\000y\000m\000E\000q\000u\000i\000p\000m\000e\000n\000t\000s}{section.6.2}% 68
\BOOKMARK [2][-]{subsection.6.2.4}{\376\377\016\025\016\062\016\043\016\062\016\007\000:\000\040\000T\000r\000a\000i\000n\000i\000n\000g\000S\000e\000s\000s\000i\000o\000n\000s}{section.6.2}% 69
\BOOKMARK [0][-]{chapter.7}{\376\377\016\001\016\062\016\043\016\103\016\012\016\111\016\007\016\062\016\031\016\100\016\047\016\107\016\032}{}% 70
\BOOKMARK [1][-]{section.7.1}{\376\377\016\052\016\110\016\047\016\031\016\034\016\071\016\111\016\103\016\012\016\111\016\007\016\062\016\031\016\027\016\061\016\110\016\047\016\104\016\033\000\040\000\050\000P\000u\000b\000l\000i\000c\000\040\000S\000e\000c\000t\000i\000o\000n\000\051}{chapter.7}% 71
\BOOKMARK [2][-]{subsection.7.1.1}{\376\377\016\001\016\062\016\043\016\103\016\012\016\111\016\007\016\062\016\031\016\053\016\031\016\111\016\062\016\100\016\002\016\111\016\062\016\052\016\071\016\110\016\043\016\060\016\032\016\032\000\040\000\050\000L\000o\000g\000i\000n\000\040\000P\000a\000g\000e\000\051}{section.7.1}% 72
\BOOKMARK [2][-]{subsection.7.1.2}{\376\377\016\001\016\062\016\043\016\103\016\012\016\111\016\007\016\062\016\031\016\053\016\031\016\111\016\062\016\045\016\007\016\027\016\060\016\100\016\032\016\065\016\042\016\031\000\040\000\050\000R\000e\000g\000i\000s\000t\000e\000r\000\040\000P\000a\000g\000e\000\051}{section.7.1}% 73
\BOOKMARK [1][-]{section.7.2}{\376\377\016\052\016\110\016\047\016\031\016\052\016\041\016\062\016\012\016\064\016\001\000\040\000\050\000M\000e\000m\000b\000e\000r\000\040\000S\000e\000c\000t\000i\000o\000n\000\051}{chapter.7}% 74
\BOOKMARK [2][-]{subsection.7.2.1}{\376\377\016\001\016\062\016\043\016\103\016\012\016\111\016\007\016\062\016\031\016\053\016\031\016\111\016\062\016\101\016\024\016\012\016\032\016\055\016\043\016\114\016\024\016\052\016\041\016\062\016\012\016\064\016\001\000\040\000\050\000U\000s\000e\000r\000\040\000D\000a\000s\000h\000b\000o\000a\000r\000d\000\051}{section.7.2}% 75
\BOOKMARK [2][-]{subsection.7.2.2}{\376\377\016\001\016\062\016\043\016\010\016\055\016\007\016\100\016\013\016\052\016\012\016\061\016\031\000\040\000\050\000B\000o\000o\000k\000i\000n\000g\000\040\000S\000e\000s\000s\000i\000o\000n\000\051}{section.7.2}% 76
\BOOKMARK [2][-]{subsection.7.2.3}{\376\377\016\001\016\062\016\043\016\103\016\012\016\111\016\007\016\062\016\031\016\053\016\031\016\111\016\062\016\002\016\111\016\055\016\041\016\071\016\045\016\052\016\110\016\047\016\031\016\025\016\061\016\047\000\040\000\050\000M\000y\000\040\000P\000r\000o\000f\000i\000l\000e\000\051}{section.7.2}% 77
\BOOKMARK [1][-]{section.7.3}{\376\377\016\052\016\110\016\047\016\031\016\034\016\071\016\111\016\024\016\071\016\101\016\045\016\043\016\060\016\032\016\032\000\040\000\050\000A\000d\000m\000i\000n\000\040\000S\000e\000c\000t\000i\000o\000n\000\051}{chapter.7}% 78
\BOOKMARK [2][-]{subsection.7.3.1}{\376\377\016\001\016\062\016\043\016\100\016\002\016\111\016\062\016\052\016\071\016\110\016\043\016\060\016\032\016\032\016\052\016\063\016\053\016\043\016\061\016\032\016\034\016\071\016\111\016\024\016\071\016\101\016\045\016\043\016\060\016\032\016\032\000\040\000\050\000A\000d\000m\000i\000n\000\040\000L\000o\000g\000i\000n\000\051}{section.7.3}% 79
\BOOKMARK [2][-]{subsection.7.3.2}{\376\377\016\001\016\062\016\043\016\103\016\012\016\111\016\007\016\062\016\031\016\053\016\031\016\111\016\062\016\101\016\024\016\012\016\032\016\055\016\043\016\114\016\024\016\034\016\071\016\111\016\024\016\071\016\101\016\045\016\043\016\060\016\032\016\032\000\040\000\050\000A\000d\000m\000i\000n\000\040\000D\000a\000s\000h\000b\000o\000a\000r\000d\000\051}{section.7.3}% 80
\BOOKMARK [2][-]{subsection.7.3.3}{\376\377\016\001\016\062\016\043\016\010\016\061\016\024\016\001\016\062\016\043\016\002\016\111\016\055\016\041\016\071\016\045\016\045\016\071\016\001\016\004\016\111\016\062\000\040\000\050\000C\000u\000s\000t\000o\000m\000e\000r\000\040\000M\000a\000n\000a\000g\000e\000m\000e\000n\000t\000\051}{section.7.3}% 81
\BOOKMARK [2][-]{subsection.7.3.4}{\376\377\016\001\016\062\016\043\016\010\016\061\016\024\016\001\016\062\016\043\016\002\016\111\016\055\016\041\016\071\016\045\016\100\016\027\016\043\016\031\016\100\016\031\016\055\016\043\016\114\000\040\000\050\000T\000r\000a\000i\000n\000e\000r\000\040\000M\000a\000n\000a\000g\000e\000m\000e\000n\000t\000\051}{section.7.3}% 82
\BOOKMARK [2][-]{subsection.7.3.5}{\376\377\016\001\016\062\016\043\016\010\016\061\016\024\016\001\016\062\016\043\016\055\016\070\016\033\016\001\016\043\016\023\016\114\000\040\000\050\000E\000q\000u\000i\000p\000m\000e\000n\000t\000\040\000M\000a\000n\000a\000g\000e\000m\000e\000n\000t\000\051}{section.7.3}% 83
\BOOKMARK [2][-]{subsection.7.3.6}{\376\377\016\001\016\062\016\043\016\010\016\061\016\024\016\001\016\062\016\043\016\025\016\062\016\043\016\062\016\007\016\035\016\066\016\001\016\013\016\111\016\055\016\041\000\040\000\050\000S\000e\000s\000s\000i\000o\000n\000\040\000M\000a\000n\000a\000g\000e\000m\000e\000n\000t\000\051}{section.7.3}% 84
\BOOKMARK [2][-]{subsection.7.3.7}{\376\377\016\001\016\062\016\043\016\024\016\071\016\032\016\061\016\031\016\027\016\066\016\001\016\043\016\060\016\032\016\032\000\040\000\050\000S\000y\000s\000t\000e\000m\000\040\000L\000o\000g\000s\000\051}{section.7.3}% 85
\BOOKMARK [2][-]{subsection.7.3.8}{\376\377\016\001\016\062\016\043\016\055\016\055\016\001\016\043\016\062\016\042\016\007\016\062\016\031\000\040\000\050\000R\000e\000p\000o\000r\000t\000s\000\051}{section.7.3}% 86
\BOOKMARK [1][-]{section.7.4}{\376\377\016\001\016\062\016\043\016\101\016\052\016\024\016\007\016\034\016\045\016\103\016\031\016\102\016\053\016\041\016\024\016\041\016\067\016\024\000\040\000\050\000D\000a\000r\000k\000\040\000M\000o\000d\000e\000\040\000I\000n\000t\000e\000r\000f\000a\000c\000e\000\051}{chapter.7}% 87
\BOOKMARK [2][-]{subsection.7.4.1}{\376\377\016\053\016\031\016\111\016\062\016\010\016\055\016\034\016\071\016\111\016\024\016\071\016\101\016\045\016\043\016\060\016\032\016\032\016\103\016\031\016\102\016\053\016\041\016\024\016\041\016\067\016\024}{section.7.4}% 88
\BOOKMARK [2][-]{subsection.7.4.2}{\376\377\016\053\016\031\016\111\016\062\016\043\016\062\016\042\016\007\016\062\016\031\016\103\016\031\016\102\016\053\016\041\016\024\016\041\016\067\016\024}{section.7.4}% 89
\BOOKMARK [2][-]{subsection.7.4.3}{\376\377\016\053\016\031\016\111\016\062\016\010\016\055\016\052\016\041\016\062\016\012\016\064\016\001\016\103\016\031\016\102\016\053\016\041\016\024\016\041\016\067\016\024}{section.7.4}% 90
\BOOKMARK [0][-]{chapter.8}{\376\377\016\055\016\030\016\064\016\032\016\062\016\042\016\102\016\004\016\111\016\024}{}% 91
\BOOKMARK [1][-]{section.8.1}{\376\377\000B\000a\000c\000k\000e\000n\000d\000\040\000\050\016\043\016\060\016\032\016\032\016\053\016\045\016\061\016\007\016\032\016\111\016\062\016\031\000\051}{chapter.8}% 92
\BOOKMARK [2][-]{subsection.8.1.1}{\376\377\000s\000e\000r\000v\000e\000r\000.\000j\000s}{section.8.1}% 93
\BOOKMARK [1][-]{section.8.2}{\376\377\016\037\016\065\016\100\016\010\016\055\016\043\016\114\016\100\016\036\016\064\016\110\016\041\016\100\016\025\016\064\016\041\000\040\000\050\000A\000d\000d\000i\000t\000i\000o\000n\000a\000l\000\040\000F\000e\000a\000t\000u\000r\000e\000s\000\051}{chapter.8}% 94
\BOOKMARK [2][-]{subsection.8.2.1}{\376\377\016\001\016\062\016\043\016\004\016\111\016\031\016\053\016\062\016\101\016\045\016\060\016\101\016\032\016\110\016\007\016\053\016\031\016\111\016\062\000\040\000\050\000S\000e\000a\000r\000c\000h\000\040\000\046\000\040\000P\000a\000g\000i\000n\000a\000t\000i\000o\000n\000\051\000\040\000-\000\040\016\052\016\110\016\047\016\031\000\040\000B\000a\000c\000k\000e\000n\000d}{section.8.2}% 95
\BOOKMARK [2][-]{subsection.8.2.2}{\376\377\000V\000a\000l\000i\000d\000a\000t\000i\000o\000n\000\040\000M\000i\000d\000d\000l\000e\000w\000a\000r\000e}{section.8.2}% 96
\BOOKMARK [2][-]{subsection.8.2.3}{\376\377\016\001\016\062\016\043\016\100\016\012\016\067\016\110\016\055\016\041\016\025\016\110\016\055\016\020\016\062\016\031\016\002\016\111\016\055\016\041\016\071\016\045\000\040\000\050\000D\000a\000t\000a\000b\000a\000s\000e\000\040\000C\000o\000n\000n\000e\000c\000t\000i\000o\000n\000\040\000-\000\040\000d\000b\000.\000j\000s\000\051}{section.8.2}% 97
\BOOKMARK [2][-]{subsection.8.2.4}{\376\377\000A\000P\000I\000\040\000E\000n\000d\000p\000o\000i\000n\000t\000s\000\040\000\050\000s\000e\000r\000v\000e\000r\000.\000j\000s\000\051}{section.8.2}% 98
\BOOKMARK [1][-]{section.8.3}{\376\377\000F\000r\000o\000n\000t\000e\000n\000d\000\040\000\050\016\043\016\060\016\032\016\032\016\053\016\031\016\111\016\062\016\032\016\111\016\062\016\031\000\051}{chapter.8}% 99
\BOOKMARK [2][-]{subsection.8.3.1}{\376\377\000f\000r\000o\000n\000t\000e\000n\000d\000/\000s\000e\000r\000v\000e\000r\000.\000j\000s}{section.8.3}% 100
\BOOKMARK [2][-]{subsection.8.3.2}{\376\377\000f\000r\000o\000n\000t\000e\000n\000d\000/\000i\000n\000d\000e\000x\000.\000j\000s}{section.8.3}% 101
\BOOKMARK [2][-]{subsection.8.3.3}{\376\377\000f\000r\000o\000n\000t\000e\000n\000d\000/\000j\000s\000/\000c\000o\000n\000f\000i\000g\000.\000j\000s}{section.8.3}% 102
\BOOKMARK [2][-]{subsection.8.3.4}{\376\377\000f\000r\000o\000n\000t\000e\000n\000d\000/\000j\000s\000/\000a\000u\000t\000h\000.\000j\000s}{section.8.3}% 103
\BOOKMARK [2][-]{subsection.8.3.5}{\376\377\000f\000r\000o\000n\000t\000e\000n\000d\000/\000j\000s\000/\000u\000s\000e\000r\000/\000d\000a\000s\000h\000b\000o\000a\000r\000d\000.\000j\000s}{section.8.3}% 104
\BOOKMARK [2][-]{subsection.8.3.6}{\376\377\016\104\016\037\016\045\016\114\000\040\000f\000r\000o\000n\000t\000e\000n\000d\000/\000v\000i\000e\000w\000s\000/\000i\000n\000d\000e\000x\000.\000e\000j\000s}{section.8.3}% 105
\BOOKMARK [2][-]{subsection.8.3.7}{\376\377\016\104\016\037\016\045\016\114\000\040\000f\000r\000o\000n\000t\000e\000n\000d\000/\000v\000i\000e\000w\000s\000/\000l\000o\000g\000i\000n\000.\000e\000j\000s}{section.8.3}% 106
\BOOKMARK [2][-]{subsection.8.3.8}{\376\377\016\104\016\037\016\045\016\114\000\040\000f\000r\000o\000n\000t\000e\000n\000d\000/\000v\000i\000e\000w\000s\000/\000r\000e\000g\000i\000s\000t\000e\000r\000.\000e\000j\000s}{section.8.3}% 107
\BOOKMARK [2][-]{subsection.8.3.9}{\376\377\016\104\016\037\016\045\016\114\000\040\000f\000r\000o\000n\000t\000e\000n\000d\000/\000v\000i\000e\000w\000s\000/\000c\000u\000s\000t\000o\000m\000e\000r\000s\000.\000e\000j\000s}{section.8.3}% 108
\BOOKMARK [2][-]{subsection.8.3.10}{\376\377\016\104\016\037\016\045\016\114\000\040\000f\000r\000o\000n\000t\000e\000n\000d\000/\000v\000i\000e\000w\000s\000/\000e\000q\000u\000i\000p\000m\000e\000n\000t\000s\000.\000e\000j\000s}{section.8.3}% 109
\BOOKMARK [2][-]{subsection.8.3.11}{\376\377\016\104\016\037\016\045\016\114\000\040\000f\000r\000o\000n\000t\000e\000n\000d\000/\000v\000i\000e\000w\000s\000/\000t\000r\000a\000i\000n\000e\000r\000s\000.\000e\000j\000s}{section.8.3}% 110
\BOOKMARK [2][-]{subsection.8.3.12}{\376\377\016\104\016\037\016\045\016\114\000\040\000f\000r\000o\000n\000t\000e\000n\000d\000/\000v\000i\000e\000w\000s\000/\000s\000e\000s\000s\000i\000o\000n\000s\000.\000e\000j\000s}{section.8.3}% 111
\BOOKMARK [2][-]{subsection.8.3.13}{\376\377\016\104\016\037\016\045\016\114\000\040\000f\000r\000o\000n\000t\000e\000n\000d\000/\000v\000i\000e\000w\000s\000/\000l\000o\000g\000s\000.\000e\000j\000s}{section.8.3}% 112
\BOOKMARK [2][-]{subsection.8.3.14}{\376\377\016\104\016\037\016\045\016\114\000\040\000f\000r\000o\000n\000t\000e\000n\000d\000/\000v\000i\000e\000w\000s\000/\000u\000s\000e\000r\000/\000d\000a\000s\000h\000b\000o\000a\000r\000d\000.\000e\000j\000s}{section.8.3}% 113
\BOOKMARK [2][-]{subsection.8.3.15}{\376\377\016\104\016\037\016\045\016\114\000\040\000f\000r\000o\000n\000t\000e\000n\000d\000/\000v\000i\000e\000w\000s\000/\000u\000s\000e\000r\000/\000p\000r\000o\000f\000i\000l\000e\000.\000e\000j\000s}{section.8.3}% 114
\BOOKMARK [1][-]{section.8.4}{\376\377\016\037\016\065\016\100\016\010\016\055\016\043\016\114\016\100\016\036\016\064\016\110\016\041\016\100\016\025\016\064\016\041\000\040\000\050\000A\000d\000d\000i\000t\000i\000o\000n\000a\000l\000\040\000F\000e\000a\000t\000u\000r\000e\000s\000\051}{chapter.8}% 115
\BOOKMARK [2][-]{subsection.8.4.1}{\376\377\000D\000a\000r\000k\000\040\000M\000o\000d\000e\000\040\000\050\016\102\016\053\016\041\016\024\016\041\016\067\016\024\000\051}{section.8.4}% 116
\BOOKMARK [2][-]{subsection.8.4.2}{\376\377\016\043\016\062\016\042\016\007\016\062\016\031\016\036\016\043\016\111\016\055\016\041\016\036\016\064\016\041\016\036\016\114\000\040\000\050\000P\000r\000i\000n\000t\000a\000b\000l\000e\000\040\000R\000e\000p\000o\000r\000t\000\051}{section.8.4}% 117
\BOOKMARK [2][-]{subsection.8.4.3}{\376\377\016\001\016\062\016\043\016\004\016\111\016\031\016\053\016\062\016\101\016\045\016\060\016\101\016\032\016\110\016\007\016\053\016\031\016\111\016\062\000\040\000\050\000S\000e\000a\000r\000c\000h\000\040\000\046\000\040\000P\000a\000g\000i\000n\000a\000t\000i\000o\000n\000\051\000\040\000-\000\040\016\052\016\110\016\047\016\031\000\040\000F\000r\000o\000n\000t\000e\000n\000d}{section.8.4}% 118
\BOOKMARK [2][-]{subsection.8.4.4}{\376\377\000f\000r\000o\000n\000t\000e\000n\000d\000/\000j\000s\000/\000e\000q\000u\000i\000p\000m\000e\000n\000t\000s\000.\000j\000s}{section.8.4}% 119
\BOOKMARK [2][-]{subsection.8.4.5}{\376\377\000f\000r\000o\000n\000t\000e\000n\000d\000/\000j\000s\000/\000t\000r\000a\000i\000n\000e\000r\000s\000.\000j\000s}{section.8.4}% 120
\BOOKMARK [2][-]{subsection.8.4.6}{\376\377\000f\000r\000o\000n\000t\000e\000n\000d\000/\000j\000s\000/\000s\000e\000s\000s\000i\000o\000n\000s\000.\000j\000s}{section.8.4}% 121
\BOOKMARK [2][-]{subsection.8.4.7}{\376\377\000f\000r\000o\000n\000t\000e\000n\000d\000/\000j\000s\000/\000i\000n\000d\000e\000x\000.\000j\000s\000\040\000\050\000A\000d\000m\000i\000n\000\040\000D\000a\000s\000h\000b\000o\000a\000r\000d\000\051}{section.8.4}% 122
\BOOKMARK [2][-]{subsection.8.4.8}{\376\377\000f\000r\000o\000n\000t\000e\000n\000d\000/\000j\000s\000/\000l\000o\000g\000s\000.\000j\000s}{section.8.4}% 123
\BOOKMARK [2][-]{subsection.8.4.9}{\376\377\000f\000r\000o\000n\000t\000e\000n\000d\000/\000j\000s\000/\000t\000h\000e\000m\000e\000.\000j\000s}{section.8.4}% 124
\BOOKMARK [2][-]{subsection.8.4.10}{\376\377\000f\000r\000o\000n\000t\000e\000n\000d\000/\000j\000s\000/\000u\000s\000e\000r\000/\000p\000r\000o\000f\000i\000l\000e\000.\000j\000s}{section.8.4}% 125
\BOOKMARK [0][-]{chapter.9}{\376\377\016\001\016\062\016\043\016\027\016\024\016\052\016\055\016\032\016\101\016\045\016\060\016\033\016\043\016\060\016\100\016\041\016\064\016\031\016\034\016\045\016\043\016\060\016\032\016\032\000\040\000\050\000S\000y\000s\000t\000e\000m\000\040\000T\000e\000s\000t\000i\000n\000g\000\040\000a\000n\000d\000\040\000E\000v\000a\000l\000u\000a\000t\000i\000o\000n\000\051}{}% 126
\BOOKMARK [1][-]{section.9.1}{\376\377\016\043\016\060\016\100\016\032\016\065\016\042\016\032\016\047\016\064\016\030\016\065\016\101\016\045\016\060\016\052\016\040\016\062\016\036\016\101\016\047\016\024\016\045\016\111\016\055\016\041\016\001\016\062\016\043\016\027\016\024\016\052\016\055\016\032\000\040\000\050\000T\000e\000s\000t\000i\000n\000g\000\040\000M\000e\000t\000h\000o\000d\000o\000l\000o\000g\000y\000\040\000a\000n\000d\000\040\000E\000n\000v\000i\000r\000o\000n\000m\000e\000n\000t\000\051}{chapter.9}% 127
\BOOKMARK [2][-]{subsection.9.1.1}{\376\377\016\047\016\064\016\030\016\065\016\001\016\062\016\043\016\027\016\024\016\052\016\055\016\032\000\040\000\050\000T\000e\000s\000t\000i\000n\000g\000\040\000M\000e\000t\000h\000o\000d\000o\000l\000o\000g\000y\000\051}{section.9.1}% 128
\BOOKMARK [2][-]{subsection.9.1.2}{\376\377\016\052\016\040\016\062\016\036\016\101\016\047\016\024\016\045\016\111\016\055\016\041\016\001\016\062\016\043\016\027\016\024\016\052\016\055\016\032\000\040\000\050\000T\000e\000s\000t\000i\000n\000g\000\040\000E\000n\000v\000i\000r\000o\000n\000m\000e\000n\000t\000\051}{section.9.1}% 129
\BOOKMARK [1][-]{section.9.2}{\376\377\016\001\016\062\016\043\016\027\016\024\016\052\016\055\016\032\016\037\016\061\016\007\016\001\016\114\016\012\016\061\016\031\016\001\016\062\016\043\016\027\016\063\016\007\016\062\016\031\000\040\000\050\000F\000u\000n\000c\000t\000i\000o\000n\000a\000l\000\040\000T\000e\000s\000t\000i\000n\000g\000\051}{chapter.9}% 130
\BOOKMARK [2][-]{subsection.9.2.1}{\376\377\016\102\016\041\016\024\016\071\016\045\016\001\016\062\016\043\016\042\016\067\016\031\016\042\016\061\016\031\016\025\016\061\016\047\016\025\016\031\000\040\000\050\000A\000u\000t\000h\000e\000n\000t\000i\000c\000a\000t\000i\000o\000n\000\040\000M\000o\000d\000u\000l\000e\000\051}{section.9.2}% 131
\BOOKMARK [2][-]{subsection.9.2.2}{\376\377\016\102\016\041\016\024\016\071\016\045\016\001\016\062\016\043\016\010\016\055\016\007\016\101\016\045\016\060\016\001\016\062\016\043\016\010\016\061\016\024\016\001\016\062\016\043\016\025\016\062\016\043\016\062\016\007\016\100\016\047\016\045\016\062\000\040\000\050\000B\000o\000o\000k\000i\000n\000g\000\040\000M\000o\000d\000u\000l\000e\000\051}{section.9.2}% 132
\BOOKMARK [2][-]{subsection.9.2.3}{\376\377\016\102\016\041\016\024\016\071\016\045\016\001\016\062\016\043\016\010\016\061\016\024\016\001\016\062\016\043\016\002\016\111\016\055\016\041\016\071\016\045\016\102\016\024\016\042\016\034\016\071\016\111\016\024\016\071\016\101\016\045\016\043\016\060\016\032\016\032\000\040\000\050\000D\000a\000t\000a\000\040\000M\000a\000n\000a\000g\000e\000m\000e\000n\000t\000\051}{section.9.2}% 133
\BOOKMARK [1][-]{section.9.3}{\376\377\016\001\016\062\016\043\016\027\016\024\016\052\016\055\016\032\016\033\016\043\016\060\016\052\016\064\016\027\016\030\016\064\016\040\016\062\016\036\016\101\016\045\016\060\016\001\016\062\016\043\016\043\016\055\016\007\016\043\016\061\016\032\016\040\016\062\016\043\016\060\016\007\016\062\016\031\000\040\000\050\000P\000e\000r\000f\000o\000r\000m\000a\000n\000c\000e\000\040\000a\000n\000d\000\040\000L\000o\000a\000d\000\040\000T\000e\000s\000t\000i\000n\000g\000\051}{chapter.9}% 134
\BOOKMARK [2][-]{subsection.9.3.1}{\376\377\016\101\016\031\016\047\016\004\016\064\016\024\016\001\016\062\016\043\016\027\016\024\016\052\016\055\016\032\016\033\016\043\016\060\016\052\016\064\016\027\016\030\016\064\016\040\016\062\016\036\016\032\016\031\000\040\000N\000o\000d\000e\000.\000j\000s}{section.9.3}% 135
\BOOKMARK [2][-]{subsection.9.3.2}{\376\377\016\052\016\026\016\062\016\031\016\001\016\062\016\043\016\023\016\114\016\010\016\063\016\045\016\055\016\007\016\001\016\062\016\043\016\027\016\024\016\052\016\055\016\032\000\040\000\050\000S\000i\000m\000u\000l\000a\000t\000e\000d\000\040\000L\000o\000a\000d\000\040\000T\000e\000s\000t\000\040\000S\000c\000e\000n\000a\000r\000i\000o\000\051}{section.9.3}% 136
\BOOKMARK [1][-]{section.9.4}{\376\377\016\001\016\062\016\043\016\027\016\024\016\052\016\055\016\032\016\001\016\062\016\043\016\042\016\055\016\041\016\043\016\061\016\032\016\002\016\055\016\007\016\034\016\071\016\111\016\103\016\012\016\111\000\040\000\050\000U\000s\000e\000r\000\040\000A\000c\000c\000e\000p\000t\000a\000n\000c\000e\000\040\000T\000e\000s\000t\000i\000n\000g\000\040\000-\000\040\000U\000A\000T\000\051}{chapter.9}% 137
\BOOKMARK [2][-]{subsection.9.4.1}{\376\377\016\100\016\001\016\023\016\021\016\114\016\001\016\062\016\043\016\042\016\055\016\041\016\043\016\061\016\032\000\040\000\050\000A\000c\000c\000e\000p\000t\000a\000n\000c\000e\000\040\000C\000r\000i\000t\000e\000r\000i\000a\000\051}{section.9.4}% 138
\BOOKMARK [2][-]{subsection.9.4.2}{\376\377\016\034\016\045\016\001\016\062\016\043\016\033\016\043\016\060\016\100\016\041\016\064\016\031\016\101\016\045\016\060\016\004\016\047\016\062\016\041\016\004\016\064\016\024\016\100\016\053\016\107\016\031\000\040\000\050\000E\000v\000a\000l\000u\000a\000t\000i\000o\000n\000\040\000S\000u\000m\000m\000a\000r\000y\000\051}{section.9.4}% 139
\BOOKMARK [0][-]{chapter.10}{\376\377\016\052\016\043\016\070\016\033}{}% 140
\BOOKMARK [1][-]{section.10.1}{\376\377\016\052\016\043\016\070\016\033\016\034\016\045\016\001\016\062\016\043\016\024\016\063\016\100\016\031\016\064\016\031\016\007\016\062\016\031}{chapter.10}% 141
\BOOKMARK [2][-]{subsection.10.1.1}{\376\377\016\052\016\043\016\070\016\033\016\040\016\062\016\036\016\043\016\047\016\041\016\002\016\055\016\007\016\043\016\060\016\032\016\032\000\040\000\050\000S\000y\000s\000t\000e\000m\000\040\000O\000v\000e\000r\000v\000i\000e\000w\000\040\000S\000u\000m\000m\000a\000r\000y\000\051}{section.10.1}% 142
\BOOKMARK [2][-]{subsection.10.1.2}{\376\377\016\034\016\045\016\001\016\062\016\043\016\036\016\061\016\022\016\031\016\062\016\043\016\060\016\032\016\032\000\040\000\050\000D\000e\000v\000e\000l\000o\000p\000m\000e\000n\000t\000\040\000A\000c\000h\000i\000e\000v\000e\000m\000e\000n\000t\000s\000\051}{section.10.1}% 143
\BOOKMARK [2][-]{subsection.10.1.3}{\376\377\016\033\016\061\016\015\016\053\016\062\016\101\016\045\016\060\016\002\016\111\016\055\016\010\016\063\016\001\016\061\016\024\000\040\000\050\000L\000i\000m\000i\000t\000a\000t\000i\000o\000n\000s\000\040\000a\000n\000d\000\040\000C\000h\000a\000l\000l\000e\000n\000g\000e\000s\000\051}{section.10.1}% 144
\BOOKMARK [2][-]{subsection.10.1.4}{\376\377\016\101\016\031\016\047\016\027\016\062\016\007\016\103\016\031\016\001\016\062\016\043\016\036\016\061\016\022\016\031\016\062\016\025\016\110\016\055\016\042\016\055\016\024\000\040\000\050\000F\000u\000t\000u\000r\000e\000\040\000W\000o\000r\000k\000\051}{section.10.1}% 145
\BOOKMARK [0][-]{appendix.A}{\376\377\016\004\016\071\016\110\016\041\016\067\016\055\016\001\016\062\016\043\016\025\016\064\016\024\016\025\016\061\016\111\016\007\016\101\016\045\016\060\016\001\016\062\016\043\016\103\016\012\016\111\016\007\016\062\016\031\016\043\016\060\016\032\016\032\016\055\016\042\016\110\016\062\016\007\016\045\016\060\016\100\016\055\016\065\016\042\016\024\000\040\000\050\000C\000o\000m\000p\000r\000e\000h\000e\000n\000s\000i\000v\000e\000\040\000S\000y\000s\000t\000e\000m\000\040\000I\000n\000s\000t\000a\000l\000l\000a\000t\000i\000o\000n\000\040\000a\000n\000d\000\040\000D\000e\000p\000l\000o\000y\000m\000e\000n\000t\000\040\000G\000u\000i\000d\000e\000\051}{}% 146
\BOOKMARK [1][-]{section.A.1}{\376\377\016\004\016\047\016\062\016\041\016\025\016\111\016\055\016\007\016\001\016\062\016\043\016\100\016\032\016\067\016\111\016\055\016\007\016\025\016\111\016\031\016\002\016\055\016\007\016\043\016\060\016\032\016\032\000\040\000\050\000P\000r\000e\000r\000e\000q\000u\000i\000s\000i\000t\000e\000s\000\051}{appendix.A}% 147
\BOOKMARK [2][-]{subsection.A.1.1}{\376\377\016\013\016\055\016\037\016\025\016\114\016\101\016\047\016\043\016\114\016\027\016\065\016\110\016\010\016\063\016\100\016\033\016\107\016\031\000\040\000\050\000R\000e\000q\000u\000i\000r\000e\000d\000\040\000S\000o\000f\000t\000w\000a\000r\000e\000\051}{section.A.1}% 148
\BOOKMARK [1][-]{section.A.2}{\376\377\016\001\016\062\016\043\016\001\016\063\016\053\016\031\016\024\016\004\016\110\016\062\016\052\016\040\016\062\016\036\016\101\016\047\016\024\016\045\016\111\016\055\016\041\000\040\000\050\000E\000n\000v\000i\000r\000o\000n\000m\000e\000n\000t\000\040\000C\000o\000n\000f\000i\000g\000u\000r\000a\000t\000i\000o\000n\000\051}{appendix.A}% 149
\BOOKMARK [2][-]{subsection.A.2.1}{\376\377\016\001\016\062\016\043\016\025\016\061\016\111\016\007\016\004\016\110\016\062\016\020\016\062\016\031\016\002\016\111\016\055\016\041\016\071\016\045\000\040\000\050\000D\000a\000t\000a\000b\000a\000s\000e\000\040\000S\000e\000t\000u\000p\000\051}{section.A.2}% 150
\BOOKMARK [2][-]{subsection.A.2.2}{\376\377\016\001\016\062\016\043\016\052\016\043\016\111\016\062\016\007\016\104\016\037\016\045\016\114\000\040\000.\000e\000n\000v\000\040\000\050\000S\000e\000t\000t\000i\000n\000g\000\040\000u\000p\000\040\000t\000h\000e\000\040\000.\000e\000n\000v\000\040\000F\000i\000l\000e\000\051}{section.A.2}% 151
\BOOKMARK [1][-]{section.A.3}{\376\377\016\002\016\061\016\111\016\031\016\025\016\055\016\031\016\001\016\062\016\043\016\025\016\064\016\024\016\025\016\061\016\111\016\007\000\040\000\050\000I\000n\000s\000t\000a\000l\000l\000a\000t\000i\000o\000n\000\040\000P\000r\000o\000c\000e\000s\000s\000\051}{appendix.A}% 152
\BOOKMARK [2][-]{subsection.A.3.1}{\376\377\016\001\016\062\016\043\016\102\016\004\016\045\016\031\000\040\000R\000e\000p\000o\000s\000i\000t\000o\000r\000y\000\040\000\050\000C\000l\000o\000n\000i\000n\000g\000\040\000t\000h\000e\000\040\000R\000e\000p\000o\000s\000i\000t\000o\000r\000y\000\051}{section.A.3}% 153
\BOOKMARK [2][-]{subsection.A.3.2}{\376\377\016\001\016\062\016\043\016\025\016\064\016\024\016\025\016\061\016\111\016\007\000\040\000D\000e\000p\000e\000n\000d\000e\000n\000c\000i\000e\000s\000\040\000\050\000I\000n\000s\000t\000a\000l\000l\000i\000n\000g\000\040\000D\000e\000p\000e\000n\000d\000e\000n\000c\000i\000e\000s\000\051}{section.A.3}% 154
\BOOKMARK [1][-]{section.A.4}{\376\377\016\001\016\062\016\043\016\100\016\043\016\064\016\110\016\041\016\025\016\111\016\031\016\020\016\062\016\031\016\002\016\111\016\055\016\041\016\071\016\045\000\040\000\050\000D\000a\000t\000a\000b\000a\000s\000e\000\040\000I\000n\000i\000t\000i\000a\000l\000i\000z\000a\000t\000i\000o\000n\000\051}{appendix.A}% 155
\BOOKMARK [2][-]{subsection.A.4.1}{\376\377\016\001\016\062\016\043\016\043\016\061\016\031\000\040\000M\000i\000g\000r\000a\000t\000i\000o\000n\000s\000\040\000\050\000R\000u\000n\000n\000i\000n\000g\000\040\000M\000i\000g\000r\000a\000t\000i\000o\000n\000s\000\051}{section.A.4}% 156
\BOOKMARK [2][-]{subsection.A.4.2}{\376\377\016\001\016\062\016\043\016\031\016\063\016\100\016\002\016\111\016\062\016\002\016\111\016\055\016\041\016\071\016\045\016\025\016\061\016\047\016\055\016\042\016\110\016\062\016\007\000\040\000\050\000S\000e\000e\000d\000i\000n\000g\000\040\000D\000a\000t\000a\000\051}{section.A.4}% 157
\BOOKMARK [1][-]{section.A.5}{\376\377\016\001\016\062\016\043\016\043\016\061\016\031\016\101\016\045\016\060\016\103\016\012\016\111\016\007\016\062\016\031\016\043\016\060\016\032\016\032\000\040\000\050\000E\000x\000e\000c\000u\000t\000i\000o\000n\000\040\000a\000n\000d\000\040\000D\000e\000p\000l\000o\000y\000m\000e\000n\000t\000\051}{appendix.A}% 158
\BOOKMARK [2][-]{subsection.A.5.1}{\376\377\016\052\016\063\016\053\016\043\016\061\016\032\016\001\016\062\016\043\016\036\016\061\016\022\016\031\016\062\000\040\000\050\000L\000o\000c\000a\000l\000\040\000D\000e\000v\000e\000l\000o\000p\000m\000e\000n\000t\000\051}{section.A.5}% 159
\BOOKMARK [2][-]{subsection.A.5.2}{\376\377\016\052\016\063\016\053\016\043\016\061\016\032\016\001\016\062\016\043\016\103\016\012\016\111\016\007\016\062\016\031\016\010\016\043\016\064\016\007\000\040\000\050\000P\000r\000o\000d\000u\000c\000t\000i\000o\000n\000\040\000D\000e\000p\000l\000o\000y\000m\000e\000n\000t\000\051}{section.A.5}% 160
\BOOKMARK [0][-]{appendix.B}{\376\377\016\055\016\111\016\062\016\007\016\055\016\064\016\007\016\043\016\053\016\061\016\052\016\025\016\111\016\031\016\011\016\032\016\061\016\032\016\053\016\045\016\061\016\001\016\002\016\055\016\007\016\043\016\060\016\032\016\032\000\040\000\050\000C\000o\000r\000e\000\040\000S\000y\000s\000t\000e\000m\000\040\000S\000o\000u\000r\000c\000e\000\040\000C\000o\000d\000e\000\040\000R\000e\000f\000e\000r\000e\000n\000c\000e\000\051}{}% 161
\BOOKMARK [1][-]{section.B.1}{\376\377\016\010\016\070\016\024\016\100\016\002\016\111\016\062\016\027\016\063\016\007\016\062\016\031\016\053\016\045\016\061\016\001\016\002\016\055\016\007\016\101\016\055\016\033\016\036\016\045\016\064\016\100\016\004\016\012\016\061\016\031\000\040\000\050\000M\000a\000i\000n\000\040\000A\000p\000p\000l\000i\000c\000a\000t\000i\000o\000n\000\040\000E\000n\000t\000r\000y\000\040\000P\000o\000i\000n\000t\000\040\000-\000\040\000s\000e\000r\000v\000e\000r\000.\000j\000s\000\051}{appendix.B}% 162
\BOOKMARK [1][-]{section.B.2}{\376\377\016\001\016\062\016\043\016\031\016\064\016\042\016\062\016\041\016\101\016\032\016\032\016\010\016\063\016\045\016\055\016\007\016\002\016\111\016\055\016\041\016\071\016\045\000\040\000S\000e\000q\000u\000e\000l\000i\000z\000e\000\040\000\050\000m\000o\000d\000e\000l\000s\000/\000T\000r\000a\000i\000n\000i\000n\000g\000S\000e\000s\000s\000i\000o\000n\000.\000j\000s\000\051}{appendix.B}% 163
\BOOKMARK [1][-]{section.B.3}{\376\377\016\025\016\043\016\043\016\001\016\060\016\053\016\045\016\061\016\001\016\002\016\055\016\007\000\040\000C\000o\000n\000t\000r\000o\000l\000l\000e\000r\000\040\000\050\016\001\016\062\016\043\016\025\016\043\016\047\016\010\016\052\016\055\016\032\016\004\016\047\016\062\016\041\016\002\016\061\016\024\016\101\016\042\016\111\016\007\016\002\016\055\016\007\016\001\016\062\016\043\016\010\016\055\016\007\000\051}{appendix.B}% 164
\BOOKMARK [1][-]{section.B.4}{\376\377\016\100\016\027\016\041\016\100\016\036\016\045\016\025\016\001\016\062\016\043\016\101\016\052\016\024\016\007\016\034\016\045\000\040\000F\000r\000o\000n\000t\000e\000n\000d\000\040\000\050\000v\000i\000e\000w\000s\000/\000i\000n\000d\000e\000x\000.\000e\000j\000s\000\051}{appendix.B}% 165
